\BOOKMARK [1][-]{section.1}{\376\377\000A\000s\000s\000e\000s\000s\000m\000e\000n\000t\000\040\000S\000t\000r\000u\000c\000t\000u\000r\000e}{}% 1
\BOOKMARK [1][-]{section.2}{\376\377\000I\000n\000t\000r\000o\000d\000u\000c\000t\000i\000o\000n\000\040\000t\000o\000\040\000F\000i\000n\000a\000n\000c\000i\000a\000l\000\040\000M\000a\000n\000a\000g\000e\000m\000e\000n\000t}{}% 2
\BOOKMARK [2][-]{subsection.2.1}{\376\377\000W\000h\000a\000t\000\040\000i\000s\000\040\000f\000i\000n\000a\000n\000c\000i\000a\000l\000\040\000m\000a\000n\000a\000g\000e\000m\000e\000n\000t\000?}{section.2}% 3
\BOOKMARK [2][-]{subsection.2.2}{\376\377\000W\000h\000y\000\040\000i\000s\000\040\000f\000i\000n\000a\000n\000c\000i\000a\000l\000\040\000m\000a\000n\000a\000g\000e\000m\000e\000n\000t\000\040\000i\000m\000p\000o\000r\000t\000a\000n\000t\000\040\000t\000o\000\040\000s\000t\000u\000d\000y}{section.2}% 4
\BOOKMARK [2][-]{subsection.2.3}{\376\377\000A\000c\000c\000o\000u\000n\000t\000i\000n\000g\000\040\000v\000s\000.\000\040\000F\000i\000n\000a\000n\000c\000e}{section.2}% 5
\BOOKMARK [2][-]{subsection.2.4}{\376\377\000A\000c\000c\000o\000u\000n\000t\000i\000n\000g\000\040\000a\000n\000d\000\040\000T\000a\000x}{section.2}% 6
\BOOKMARK [2][-]{subsection.2.5}{\376\377\000A\000c\000c\000o\000u\000n\000t\000i\000n\000g\000\040\000I\000n\000f\000o\000r\000m\000a\000t\000i\000o\000n}{section.2}% 7
\BOOKMARK [3][-]{subsubsection.2.5.1}{\376\377\000W\000h\000o\000\040\000u\000s\000e\000s\000\040\000a\000c\000c\000o\000u\000n\000t\000i\000n\000g\000\040\000i\000n\000f\000o\000r\000m\000a\000t\000i\000o\000n\000?}{subsection.2.5}% 8
\BOOKMARK [3][-]{subsubsection.2.5.2}{\376\377\000W\000h\000a\000t\000\040\000a\000r\000e\000\040\000t\000h\000e\000\040\000d\000i\000f\000f\000e\000r\000e\000n\000t\000\040\000t\000y\000p\000e\000s\000\040\000o\000f\000\040\000i\000n\000f\000o\000r\000m\000a\000t\000i\000o\000n\000\040\000i\000n\000\040\000a\000c\000c\000o\000u\000n\000t\000i\000n\000g}{subsection.2.5}% 9
\BOOKMARK [3][-]{subsubsection.2.5.3}{\376\377\000F\000i\000n\000a\000n\000c\000i\000a\000l\000\040\000a\000c\000c\000o\000u\000n\000t\000i\000n\000g\000\040\000i\000n\000f\000o\000r\000m\000a\000t\000i\000o\000n\000\040\000a\000n\000d\000\040\000d\000e\000c\000i\000s\000i\000o\000n\000-\000m\000a\000k\000i\000n\000g}{subsection.2.5}% 10
\BOOKMARK [3][-]{subsubsection.2.5.4}{\376\377\000M\000a\000n\000a\000g\000e\000m\000e\000n\000t\000\040\000a\000c\000c\000o\000u\000n\000t\000i\000n\000g\000\040\000i\000n\000f\000o\000r\000m\000a\000t\000i\000o\000n\000\040\000a\000n\000d\000\040\000d\000e\000c\000i\000s\000i\000o\000n\000-\000m\000a\000k\000i\000n\000g}{subsection.2.5}% 11
\BOOKMARK [3][-]{subsubsection.2.5.5}{\376\377\000A\000u\000d\000i\000t\000\040\000a\000n\000d\000\040\000i\000n\000t\000e\000r\000n\000a\000l\000\040\000c\000o\000n\000t\000r\000o\000l\000\040\000i\000n\000f\000o\000r\000m\000a\000t\000i\000o\000n\000\040\000a\000n\000d\000\040\000d\000e\000c\000i\000s\000i\000o\000n\000-\000m\000a\000k\000i\000n\000g}{subsection.2.5}% 12
\BOOKMARK [3][-]{subsubsection.2.5.6}{\376\377\000S\000o\000c\000i\000a\000l\000\040\000a\000n\000d\000\040\000e\000n\000v\000i\000r\000o\000n\000m\000e\000n\000t\000a\000l\000\040\000a\000c\000c\000o\000u\000n\000t\000i\000n\000g\000\040\000i\000n\000f\000o\000r\000m\000a\000t\000i\000o\000n\000\040\000a\000n\000d\000\040\000d\000e\000c\000i\000s\000i\000o\000n\000-\000m\000a\000k\000i\000n\000g}{subsection.2.5}% 13
\BOOKMARK [2][-]{subsection.2.6}{\376\377\000R\000e\000v\000e\000n\000u\000e\000\040\000a\000n\000d\000\040\000E\000x\000p\000e\000n\000s\000e\000s}{section.2}% 14
\BOOKMARK [3][-]{subsubsection.2.6.1}{\376\377\000R\000e\000v\000e\000n\000u\000e}{subsection.2.6}% 15
\BOOKMARK [3][-]{subsubsection.2.6.2}{\376\377\000E\000x\000p\000e\000n\000s\000e\000s}{subsection.2.6}% 16
\BOOKMARK [2][-]{subsection.2.7}{\376\377\000C\000a\000s\000h\000\040\000A\000c\000c\000o\000u\000n\000t\000i\000n\000g}{section.2}% 17
\BOOKMARK [3][-]{subsubsection.2.7.1}{\376\377\000L\000i\000m\000i\000t\000a\000t\000i\000o\000n\000s\000\040\000o\000f\000\040\000c\000a\000s\000h\000\040\000a\000c\000c\000o\000u\000n\000t\000i\000n\000g}{subsection.2.7}% 18
\BOOKMARK [2][-]{subsection.2.8}{\376\377\000A\000c\000c\000r\000u\000a\000l\000\040\000A\000c\000c\000o\000u\000n\000t\000i\000n\000g}{section.2}% 19
\BOOKMARK [1][-]{section.3}{\376\377\000U\000n\000d\000e\000r\000s\000t\000a\000n\000d\000i\000n\000g\000\040\000F\000i\000n\000a\000n\000c\000i\000a\000l\000\040\000S\000t\000a\000t\000e\000m\000e\000n\000t\000s}{}% 20
\BOOKMARK [2][-]{subsection.3.1}{\376\377\000H\000o\000w\000\040\000i\000s\000\040\000f\000i\000n\000a\000n\000c\000i\000a\000l\000\040\000a\000c\000c\000o\000u\000n\000t\000i\000n\000g\000\040\000i\000n\000f\000o\000r\000m\000a\000t\000i\000o\000n\000\040\000p\000r\000e\000s\000e\000n\000t\000e\000d}{section.3}% 21
\BOOKMARK [2][-]{subsection.3.2}{\376\377\000K\000e\000y\000\040\000f\000i\000n\000a\000n\000c\000i\000a\000l\000\040\000s\000t\000a\000t\000e\000m\000e\000n\000t\000s}{section.3}% 22
\BOOKMARK [3][-]{subsubsection.3.2.1}{\376\377\000T\000h\000e\000\040\000B\000a\000l\000a\000n\000c\000e\000\040\000S\000h\000e\000e\000t}{subsection.3.2}% 23
\BOOKMARK [3][-]{subsubsection.3.2.2}{\376\377\000I\000n\000c\000o\000m\000e\000\040\000S\000t\000a\000t\000e\000m\000e\000n\000t}{subsection.3.2}% 24
\BOOKMARK [3][-]{subsubsection.3.2.3}{\376\377\000S\000t\000a\000t\000e\000m\000e\000n\000t\000\040\000o\000f\000\040\000C\000a\000s\000h\000\040\000F\000l\000o\000w\000s}{subsection.3.2}% 25
\BOOKMARK [2][-]{subsection.3.3}{\376\377\000C\000o\000n\000n\000e\000c\000t\000i\000n\000g\000\040\000t\000h\000e\000\040\000I\000n\000c\000o\000m\000e\000\040\000S\000t\000a\000t\000e\000m\000e\000n\000t\000\040\000a\000n\000d\000\040\000t\000h\000e\000\040\000B\000a\000l\000a\000n\000c\000e\000\040\000S\000h\000e\000e\000t}{section.3}% 26
\BOOKMARK [1][-]{section.4}{\376\377\000A\000n\000a\000l\000y\000s\000i\000n\000g\000\040\000B\000u\000s\000i\000n\000e\000s\000s\000\040\000T\000r\000a\000n\000s\000a\000c\000t\000i\000o\000n\000s}{}% 27
\BOOKMARK [2][-]{subsection.4.1}{\376\377\000W\000h\000a\000t\000\040\000a\000r\000e\000\040\000b\000u\000s\000i\000n\000e\000s\000s\000\040\000t\000r\000a\000n\000s\000a\000c\000t\000i\000o\000n\000s\000?}{section.4}% 28
\BOOKMARK [2][-]{subsection.4.2}{\376\377\000R\000e\000c\000o\000r\000d\000i\000n\000g\000\040\000t\000r\000a\000n\000s\000a\000c\000t\000i\000o\000n\000s\000\040\000u\000s\000i\000n\000g\000\040\000t\000h\000e\000\040\000a\000c\000c\000o\000u\000n\000t\000i\000n\000g\000\040\000e\000q\000u\000a\000t\000i\000o\000n}{section.4}% 29
\BOOKMARK [2][-]{subsection.4.3}{\376\377\000A\000c\000c\000r\000u\000a\000l\000\040\000A\000c\000c\000o\000u\000n\000t\000i\000n\000g\000\040\000A\000d\000j\000u\000s\000t\000m\000e\000n\000t\000s}{section.4}% 30
\BOOKMARK [3][-]{subsubsection.4.3.1}{\376\377\000U\000n\000e\000a\000r\000n\000e\000d\000\040\000r\000e\000v\000e\000n\000u\000e\000s\000\040\000\050\000d\000e\000f\000e\000r\000r\000e\000d\000\040\000r\000e\000v\000e\000n\000u\000e\000s\000\051}{subsection.4.3}% 31
\BOOKMARK [3][-]{subsubsection.4.3.2}{\376\377\000P\000r\000e\000p\000a\000y\000m\000e\000n\000t\000s}{subsection.4.3}% 32
\BOOKMARK [3][-]{subsubsection.4.3.3}{\376\377\000A\000c\000c\000r\000u\000e\000d\000\040\000r\000e\000v\000e\000n\000u\000e\000s\000\040\000\050\000r\000e\000c\000e\000i\000v\000a\000b\000l\000e\000s\000\051}{subsection.4.3}% 33
\BOOKMARK [3][-]{subsubsection.4.3.4}{\376\377\000A\000c\000c\000r\000u\000e\000d\000\040\000e\000x\000p\000e\000n\000s\000e\000s\000\040\000\050\000p\000a\000y\000a\000b\000l\000e\000s\000\051}{subsection.4.3}% 34
\BOOKMARK [2][-]{subsection.4.4}{\376\377\000D\000e\000p\000r\000e\000c\000i\000a\000t\000i\000o\000n\000\040\000o\000f\000\040\000n\000o\000n\000-\000c\000u\000r\000r\000e\000n\000t\000\040\000a\000s\000s\000e\000t\000s}{section.4}% 35
\BOOKMARK [1][-]{section.5}{\376\377\000F\000i\000n\000a\000n\000c\000i\000a\000l\000\040\000S\000t\000a\000t\000e\000m\000e\000n\000t\000\040\000A\000n\000a\000l\000y\000s\000i\000s}{}% 36
\BOOKMARK [2][-]{subsection.5.1}{\376\377\000R\000a\000t\000i\000o\000\040\000a\000n\000a\000l\000y\000s\000i\000s}{section.5}% 37
\BOOKMARK [3][-]{subsubsection.5.1.1}{\376\377\000T\000y\000p\000e\000s\000\040\000o\000f\000\040\000r\000a\000t\000i\000o\000\040\000a\000n\000a\000l\000y\000s\000i\000s}{subsection.5.1}% 38
\BOOKMARK [2][-]{subsection.5.2}{\376\377\000T\000h\000e\000\040\000D\000u\000P\000o\000n\000t\000\040\000S\000y\000s\000t\000e\000m}{section.5}% 39
\BOOKMARK [1][-]{section.6}{\376\377\000C\000o\000m\000p\000a\000n\000y\000\040\000V\000a\000l\000u\000a\000t\000i\000o\000n}{}% 40
\BOOKMARK [2][-]{subsection.6.1}{\376\377\000M\000a\000r\000k\000e\000t\000\040\000V\000a\000l\000u\000e\000s}{section.6}% 41
\BOOKMARK [3][-]{subsubsection.6.1.1}{\376\377\000A\000c\000c\000o\000u\000n\000t\000i\000n\000g\000\040\000v\000s\000.\000\040\000f\000i\000n\000a\000n\000c\000e\000\040\000p\000e\000r\000s\000p\000e\000c\000t\000i\000v\000e\000s}{subsection.6.1}% 42
\BOOKMARK [3][-]{subsubsection.6.1.2}{\376\377\000B\000o\000o\000k\000\040\000v\000a\000l\000u\000e\000s\000\040\000v\000s\000.\000\040\000m\000a\000r\000k\000e\000t\000\040\000v\000a\000l\000u\000e\000s}{subsection.6.1}% 43
\BOOKMARK [3][-]{subsubsection.6.1.3}{\376\377\000W\000h\000a\000t\000\040\000i\000s\000\040\000a\000\040\000c\000o\000m\000p\000a\000n\000y\000\040\000w\000o\000r\000t\000h\000?}{subsection.6.1}% 44
\BOOKMARK [2][-]{subsection.6.2}{\376\377\000P\000r\000i\000c\000e\000-\000b\000a\000s\000e\000d\000\040\000R\000a\000t\000i\000o\000s}{section.6}% 45
\BOOKMARK [3][-]{subsubsection.6.2.1}{\376\377\000P\000e\000r\000-\000s\000h\000a\000r\000e\000\040\000m\000e\000t\000r\000i\000c\000s}{subsection.6.2}% 46
\BOOKMARK [3][-]{subsubsection.6.2.2}{\376\377\000E\000a\000r\000n\000i\000n\000g\000s\000\040\000p\000e\000r\000\040\000s\000h\000a\000r\000e\000\040\000\050\000E\000P\000S\000\051}{subsection.6.2}% 47
\BOOKMARK [3][-]{subsubsection.6.2.3}{\376\377\000D\000i\000v\000i\000d\000e\000n\000d\000s\000\040\000p\000e\000r\000\040\000s\000h\000a\000r\000e\000\040\000\050\000D\000P\000S\000\051}{subsection.6.2}% 48
\BOOKMARK [3][-]{subsubsection.6.2.4}{\376\377\000P\000r\000i\000c\000e\000-\000t\000o\000-\000E\000a\000r\000n\000i\000n\000g\000s\000\040\000R\000a\000t\000i\000o}{subsection.6.2}% 49
\BOOKMARK [3][-]{subsubsection.6.2.5}{\376\377\000D\000i\000v\000i\000d\000e\000n\000d\000\040\000Y\000i\000e\000l\000d}{subsection.6.2}% 50
\BOOKMARK [2][-]{subsection.6.3}{\376\377\000V\000a\000l\000u\000a\000t\000i\000o\000n\000\040\000m\000e\000t\000h\000o\000d\000s}{section.6}% 51
\BOOKMARK [3][-]{subsubsection.6.3.1}{\376\377\000V\000a\000l\000u\000a\000t\000i\000o\000n\000\040\000a\000p\000p\000r\000o\000a\000c\000h\000e\000s}{subsection.6.3}% 52
\BOOKMARK [3][-]{subsubsection.6.3.2}{\376\377\000F\000u\000n\000d\000a\000m\000e\000n\000t\000a\000l\000\040\000\050\000B\000o\000t\000t\000o\000m\000-\000U\000p\000\051\000\040\000A\000n\000a\000l\000y\000s\000i\000s}{subsection.6.3}% 53
\BOOKMARK [2][-]{subsection.6.4}{\376\377\000C\000o\000m\000p\000a\000r\000a\000b\000l\000e\000\040\000C\000o\000m\000p\000a\000n\000y\000\040\000A\000n\000a\000l\000y\000s\000i\000s\000\040\000\050\000C\000C\000A\000\051}{section.6}% 54
\BOOKMARK [1][-]{section.7}{\376\377\000F\000r\000e\000e\000\040\000C\000a\000s\000h\000\040\000F\000l\000o\000w\000\040\000E\000s\000t\000i\000m\000a\000t\000i\000o\000n}{}% 55
\BOOKMARK [2][-]{subsection.7.1}{\376\377\000W\000h\000a\000t\000\040\000i\000s\000\040\000F\000r\000e\000e\000\040\000C\000a\000s\000h\000\040\000F\000L\000o\000w\000\040\000\050\000F\000C\000F\000\051}{section.7}% 56
\BOOKMARK [1][-]{section.8}{\376\377\000B\000u\000s\000i\000n\000e\000s\000s\000\040\000T\000a\000x\000a\000t\000i\000o\000n}{}% 57
\BOOKMARK [2][-]{subsection.8.1}{\376\377\000W\000h\000a\000t\000\040\000i\000s\000\040\000a\000\040\000t\000a\000x\000?}{section.8}% 58
\BOOKMARK [2][-]{subsection.8.2}{\376\377\000W\000h\000y\000\040\000d\000o\000\040\000g\000o\000v\000e\000r\000n\000m\000e\000n\000t\000s\000\040\000i\000m\000p\000o\000s\000e\000\040\000t\000a\000x\000a\000t\000i\000o\000n\000?}{section.8}% 59
\BOOKMARK [2][-]{subsection.8.3}{\376\377\000T\000a\000x\000\040\000p\000o\000l\000i\000c\000y\000\040\000o\000b\000j\000e\000c\000t\000i\000v\000e\000s}{section.8}% 60
\BOOKMARK [2][-]{subsection.8.4}{\376\377\000A\000d\000m\000i\000n\000i\000s\000t\000r\000a\000t\000i\000o\000n\000\040\000o\000f\000\040\000A\000u\000s\000t\000r\000a\000l\000i\000a\000'\000s\000\040\000t\000a\000x\000\040\000s\000y\000s\000t\000e\000m}{section.8}% 61
\BOOKMARK [2][-]{subsection.8.5}{\376\377\000S\000o\000u\000r\000c\000e\000s\000\040\000o\000f\000\040\000A\000u\000s\000t\000r\000a\000l\000i\000a\000n\000\040\000t\000a\000x\000a\000t\000i\000o\000n\000\040\000l\000a\000w}{section.8}% 62
\BOOKMARK [2][-]{subsection.8.6}{\376\377\000W\000h\000o\000\040\000m\000u\000s\000t\000\040\000p\000a\000y\000\040\000i\000n\000c\000o\000m\000e\000\040\000t\000a\000x\000?}{section.8}% 63
\BOOKMARK [2][-]{subsection.8.7}{\376\377\000W\000h\000a\000t\000\040\000h\000a\000p\000p\000e\000n\000s\000\040\000i\000f\000\040\000t\000a\000x\000e\000s\000\040\000a\000r\000e\000\040\000n\000o\000t\000\040\000p\000a\000i\000d\000?}{section.8}% 64
\BOOKMARK [2][-]{subsection.8.8}{\376\377\000T\000a\000x\000\040\000e\000v\000a\000s\000i\000o\000n\000,\000\040\000a\000v\000o\000i\000d\000a\000n\000c\000e\000,\000\040\000a\000n\000d\000\040\000p\000l\000a\000n\000n\000i\000n\000g}{section.8}% 65
\BOOKMARK [2][-]{subsection.8.9}{\376\377\000W\000h\000a\000t\000\040\000h\000a\000p\000p\000e\000n\000s\000\040\000i\000f\000\040\000t\000a\000x\000e\000s\000\040\000a\000r\000e\000\040\000n\000o\000t\000\040\000p\000a\000i\000d\000?}{section.8}% 66
\BOOKMARK [2][-]{subsection.8.10}{\376\377\000T\000y\000p\000e\000s\000\040\000o\000f\000\040\000t\000a\000x\000p\000a\000y\000e\000r\000s}{section.8}% 67
\BOOKMARK [2][-]{subsection.8.11}{\376\377\000A\000d\000m\000i\000n\000i\000s\000t\000r\000a\000t\000i\000o\000n}{section.8}% 68
\BOOKMARK [2][-]{subsection.8.12}{\376\377\000T\000y\000p\000e\000s\000\040\000o\000f\000\040\000t\000a\000x\000e\000s}{section.8}% 69
\BOOKMARK [2][-]{subsection.8.13}{\376\377\000T\000h\000e\000\040\000m\000a\000i\000n\000\040\000A\000u\000s\000t\000r\000a\000l\000i\000a\000n\000\040\000t\000a\000x\000e\000s}{section.8}% 70
\BOOKMARK [2][-]{subsection.8.14}{\376\377\000B\000u\000s\000i\000n\000e\000s\000s\000\040\000t\000a\000x\000a\000t\000i\000o\000n}{section.8}% 71
\BOOKMARK [2][-]{subsection.8.15}{\376\377\000C\000o\000m\000p\000a\000n\000y\000\040\000i\000n\000c\000o\000m\000e\000\040\000t\000a\000x}{section.8}% 72
\BOOKMARK [3][-]{subsubsection.8.15.1}{\376\377\000D\000e\000d\000u\000c\000t\000i\000o\000n\000s}{subsection.8.15}% 73
\BOOKMARK [1][-]{section.9}{\376\377\000A\000u\000d\000i\000t\000\040\000a\000n\000d\000\040\000I\000n\000t\000e\000r\000n\000a\000l\000\040\000C\000o\000n\000t\000r\000o\000l}{}% 74
\BOOKMARK [2][-]{subsection.9.1}{\376\377\000C\000o\000m\000p\000o\000n\000e\000n\000t\000s\000\040\000o\000f\000\040\000i\000n\000t\000e\000r\000n\000a\000l\000\040\000c\000o\000n\000t\000r\000o\000l\000s}{section.9}% 75
\BOOKMARK [2][-]{subsection.9.2}{\376\377\000L\000i\000m\000i\000t\000a\000t\000i\000o\000n\000s}{section.9}% 76
\BOOKMARK [2][-]{subsection.9.3}{\376\377\000A\000u\000d\000i\000t\000i\000n\000g}{section.9}% 77
\BOOKMARK [3][-]{subsubsection.9.3.1}{\376\377\000T\000y\000p\000e\000s\000\040\000o\000f\000\040\000a\000u\000d\000i\000t\000\040\000o\000p\000i\000n\000i\000o\000n\000s}{subsection.9.3}% 78
\BOOKMARK [1][-]{section.10}{\376\377\000R\000e\000s\000p\000o\000n\000s\000i\000b\000l\000e\000\040\000F\000i\000n\000a\000n\000c\000i\000a\000l\000\040\000M\000a\000n\000a\000g\000e\000m\000e\000n\000t}{}% 79
\BOOKMARK [2][-]{subsection.10.1}{\376\377\000C\000o\000r\000p\000o\000r\000a\000t\000e\000\040\000S\000o\000c\000i\000a\000l\000\040\000R\000e\000s\000p\000o\000n\000s\000i\000b\000i\000l\000i\000t\000y\000\040\000\050\000C\000S\000R\000\051}{section.10}% 80
\BOOKMARK [2][-]{subsection.10.2}{\376\377\000S\000u\000s\000t\000a\000i\000n\000a\000b\000i\000l\000i\000t\000y\000\040\000r\000e\000p\000o\000r\000t\000i\000n\000g}{section.10}% 81
\BOOKMARK [3][-]{subsubsection.10.2.1}{\376\377\000B\000e\000n\000e\000f\000i\000t\000s\000\040\000o\000f\000\040\000s\000u\000s\000t\000a\000i\000n\000a\000b\000i\000l\000i\000t\000y\000\040\000r\000e\000p\000o\000r\000t\000i\000n\000g}{subsection.10.2}% 82
\BOOKMARK [3][-]{subsubsection.10.2.2}{\376\377\000L\000i\000m\000i\000t\000a\000t\000i\000o\000n\000s\000\040\000o\000f\000\040\000s\000u\000s\000t\000a\000i\000n\000a\000b\000i\000l\000i\000t\000y\000\040\000r\000e\000p\000o\000r\000t\000i\000n\000g}{subsection.10.2}% 83
\BOOKMARK [1][-]{section.11}{\376\377\000E\000x\000a\000m\000\040\000P\000r\000e\000p\000a\000r\000a\000t\000i\000o\000n}{}% 84
\BOOKMARK [2][-]{subsection.11.1}{\376\377\000E\000x\000a\000m\000\040\000S\000t\000r\000u\000c\000t\000u\000r\000e}{section.11}% 85
\BOOKMARK [2][-]{subsection.11.2}{\376\377\000S\000e\000c\000t\000i\000o\000n\000\040\0001\000\040\000-\000\040\000M\000C\000Q\000s}{section.11}% 86
\BOOKMARK [2][-]{subsection.11.3}{\376\377\000S\000e\000c\000t\000i\000o\000n\000\040\0002\000\040\000-\000\040\000F\000i\000n\000a\000n\000c\000i\000a\000l\000\040\000S\000t\000a\000t\000e\000m\000e\000n\000t\000\040\000P\000r\000e\000p\000a\000r\000a\000t\000i\000o\000n}{section.11}% 87
\BOOKMARK [2][-]{subsection.11.4}{\376\377\000S\000e\000c\000t\000i\000o\000n\000\040\0003\000\040\000-\000\040\000F\000i\000n\000a\000n\000c\000i\000a\000l\000\040\000S\000t\000a\000t\000e\000m\000e\000n\000t\000\040\000A\000n\000a\000l\000y\000s\000i\000s}{section.11}% 88
\BOOKMARK [2][-]{subsection.11.5}{\376\377\000S\000e\000c\000t\000i\000o\000n\000\040\0004\000\040\000-\000\040\000B\000u\000s\000i\000n\000e\000s\000s\000\040\000T\000a\000x\000a\000t\000i\000o\000n\000\040\000\046\000\040\000A\000u\000d\000i\000t\000\040\000a\000n\000d\000\040\000C\000o\000n\000t\000r\000o\000l}{section.11}% 89
\BOOKMARK [2][-]{subsection.11.6}{\376\377\000S\000e\000c\000t\000i\000o\000n\000\040\0005\000\040\000-\000\040\000M\000u\000l\000t\000i\000p\000l\000e\000s\000\040\000V\000a\000l\000u\000a\000t\000i\000o\000n}{section.11}% 90
